3+4 = 7
a+4 = 5
a+b = 206
5+*iarr = 5
5+iarr[1] = 10
5+iarr[2] = -5
5+iarr[3] = 133
c1+4 = 5
c2+4 = 131
a+c1 = 2
5+*carr = 15
5+carr[1] = -5
5+carr[2] = 132
5+carr[3] = 5
