a * 3 = 15
a = 15
a * b = 15
a = 15
iarr[0] * b = 0
iarr[0] = 0
iarr[1] * b = 15
iarr[1] = 15
c * 3 = 15
c = 15
c * 3 = -15
c = -15
c * d = 15
c = 15
carr[0] * d = 15
carr[0] = 15
carr[0] * 128 = -128
carr[0] = -128
carr[1] = -10
carr[1] * d = -30
carr[1] = -30
