a | 3 = 7
a = 7
a | b = 7
a = 7
iarr[0] | b = 3
iarr[0] = 3
iarr[1] | b = 7
iarr[1] = 7
c | 3 = 7
c = 7
c | d = 7
c = 7
carr[0] | d = 7
carr[0] = 7
carr[0] | 128 = -121
carr[0] = -121
carr[1] = -10
carr[1] | d = -9
carr[1] = -9
