test1: 5
test2: 4
test3: 20
test4: -28
test5: 8 11 128
test7: 6 10
test8: 6
