a >> 2 = 1
a = 1
a >> 3 = 16
a = 16
a >> b = 3
a = 3
b = 3

iarr[0] >> 3 = 0
iarr[0] = 0
iarr[1] = 8
iarr[1] >> 3 = 1
iarr[0] = 1
iarr[1] = 1

c >> 2 = 1
c = 1
c >> 3 = -16
c = -16
c >> d = 1
c = 1
c >> d = -32
c = -32

carr[0] >> d = 1
carr[0] = 1
carr[1] = -10
carr[0] >> 2 = 1
carr[0] = 1
carr[1] = -10
carr[1] >> d = -3
carr[0] = 5
carr[1] = -3
