a / 2 = 2
a = 2
a / (2-4) = -2
a = -2
a / 3 = 42
a = 42
a / b = 8
a = 8
b = 3

iarr[0] / 3 = 0
iarr[0] = 0
iarr[1] = 8
iarr[1] / 3 = 2
iarr[0] = 1
iarr[1] = 2

c / 2 = 2
c = 2
c / 3 = -42
c = -42
c / d = 2
c = 2
c / d = -64
c = -64

c / d = 64
c = 64

carr[0] / d = -2
carr[0] = -2
carr[1] = -10
carr[0] / 2 = 2
carr[0] = 2
carr[1] = -10
carr[1] / d = -5
carr[0] = 5
carr[1] = -5
4-(a=/2) = 1
a = 3
