test1: 4
test2: 15
test3: -128
test4: 8 12345 128
test5: 3
