test1 - ok
test2 - ok
test3 - ok
test4 - ok
test5 - ok
test6 - ok
test7 - ok
test8 - ok
eval - rel1: 1
eval - rel2: 0
